gmhmme3: error, file <../Schpo1_chrome1.fasta> is not found
