/home/richard/research/tests/Oct30NewTestSet/testSet100/Disac1_100genes.gtf /home/richard/research/tests/Nov6TestbySequenceGC/test100outputBySeqGCMid/Disac1/Disac1_fullPrediction.gtf
/home/richard/research/tests/Oct30NewTestSet/testSet100/Tilan2_100genes.gtf /home/richard/research/tests/Nov6TestbySequenceGC/test100outputBySeqGCMid/Tilan2/Tilan2_fullPrediction.gtf
/home/richard/research/tests/Oct30NewTestSet/testSet100/Trias1_100genes.gtf /home/richard/research/tests/Nov6TestbySequenceGC/test100outputBySeqGCMid/Trias1/Trias1_fullPrediction.gtf
/home/richard/research/tests/Oct30NewTestSet/testSet100/Hebcy2_100genes.gtf /home/richard/research/tests/Nov6TestbySequenceGC/test100outputBySeqGCMid/Hebcy2/Hebcy2_fullPrediction.gtf
/home/richard/research/tests/Oct30NewTestSet/testSet100/Croqu1_100genes.gtf /home/richard/research/tests/Nov6TestbySequenceGC/test100outputBySeqGCMid/Croqu1/Croqu1_fullPrediction.gtf
/home/richard/research/tests/Oct30NewTestSet/testSet100/Gloin1_100genes.gtf /home/richard/research/tests/Nov6TestbySequenceGC/test100outputBySeqGCMid/Gloin1/Gloin1_fullPrediction.gtf
/home/richard/research/tests/Oct30NewTestSet/testSet100/Disac1_100genes.gtf /home/richard/research/tests/Nov6TestbySequenceGC/test100outputBySeqGCHigh/Disac1/Disac1_fullPrediction.gtf
/home/richard/research/tests/Oct30NewTestSet/testSet100/Aurvu1_100genes.gtf /home/richard/research/tests/Nov6TestbySequenceGC/test100outputBySeqGCMid/Aurvu1/Aurvu1_fullPrediction.gtf
/home/richard/research/tests/Oct30NewTestSet/testSet100/Tilan2_100genes.gtf /home/richard/research/tests/Nov6TestbySequenceGC/test100outputBySeqGCHigh/Tilan2/Tilan2_fullPrediction.gtf
/home/richard/research/tests/Oct30NewTestSet/testSet100/Trias1_100genes.gtf /home/richard/research/tests/Nov6TestbySequenceGC/test100outputBySeqGCHigh/Trias1/Trias1_fullPrediction.gtf
/home/richard/research/tests/Oct30NewTestSet/testSet100/Hebcy2_100genes.gtf /home/richard/research/tests/Nov6TestbySequenceGC/test100outputBySeqGCHigh/Hebcy2/Hebcy2_fullPrediction.gtf
/home/richard/research/tests/Oct30NewTestSet/testSet100/Conli1_100genes.gtf /home/richard/research/tests/Nov6TestbySequenceGC/test100outputBySeqGCMid/Conli1/Conli1_fullPrediction.gtf
/home/richard/research/tests/Oct30NewTestSet/testSet100/Croqu1_100genes.gtf /home/richard/research/tests/Nov6TestbySequenceGC/test100outputBySeqGCHigh/Croqu1/Croqu1_fullPrediction.gtf
/home/richard/research/tests/Oct30NewTestSet/testSet100/Conco1_100genes.gtf /home/richard/research/tests/Nov6TestbySequenceGC/test100outputBySeqGCMid/Conco1/Conco1_fullPrediction.gtf
/home/richard/research/tests/Oct30NewTestSet/testSet100/Gloin1_100genes.gtf /home/richard/research/tests/Nov6TestbySequenceGC/test100outputBySeqGCHigh/Gloin1/Gloin1_fullPrediction.gtf
/home/richard/research/tests/Oct30NewTestSet/testSet100/Aspoch1_100genes.gtf /home/richard/research/tests/Nov6TestbySequenceGC/test100outputBySeqGCMid/Aspoch1/Aspoch1_fullPrediction.gtf
/home/richard/research/tests/Oct30NewTestSet/testSet100/Aurvu1_100genes.gtf /home/richard/research/tests/Nov6TestbySequenceGC/test100outputBySeqGCHigh/Aurvu1/Aurvu1_fullPrediction.gtf
/home/richard/research/tests/Oct30NewTestSet/testSet100/Sphst1_100genes.gtf /home/richard/research/tests/Nov6TestbySequenceGC/test100outputBySeqGCMid/Sphst1/Sphst1_fullPrediction.gtf
/home/richard/research/tests/Oct30NewTestSet/testSet100/SerlaS7_9_2_100genes.gtf /home/richard/research/tests/Nov6TestbySequenceGC/test100outputBySeqGCMid/SerlaS7_9_2/SerlaS7_9_2_fullPrediction.gtf
/home/richard/research/tests/Oct30NewTestSet/testSet100/Conli1_100genes.gtf /home/richard/research/tests/Nov6TestbySequenceGC/test100outputBySeqGCHigh/Conli1/Conli1_fullPrediction.gtf
/home/richard/research/tests/Oct30NewTestSet/testSet100/Conco1_100genes.gtf /home/richard/research/tests/Nov6TestbySequenceGC/test100outputBySeqGCHigh/Conco1/Conco1_fullPrediction.gtf
/home/richard/research/tests/Oct30NewTestSet/testSet100/Phchr2_100genes.gtf /home/richard/research/tests/Nov6TestbySequenceGC/test100outputBySeqGCMid/Phchr2/Phchr2_fullPrediction.gtf
/home/richard/research/tests/Oct30NewTestSet/testSet100/Aspoch1_100genes.gtf /home/richard/research/tests/Nov6TestbySequenceGC/test100outputBySeqGCHigh/Aspoch1/Aspoch1_fullPrediction.gtf
/home/richard/research/tests/Oct30NewTestSet/testSet100/Obbri1_100genes.gtf /home/richard/research/tests/Nov6TestbySequenceGC/test100outputBySeqGCMid/Obbri1/Obbri1_fullPrediction.gtf
/home/richard/research/tests/Oct30NewTestSet/testSet100/Sphst1_100genes.gtf /home/richard/research/tests/Nov6TestbySequenceGC/test100outputBySeqGCHigh/Sphst1/Sphst1_fullPrediction.gtf
/home/richard/research/tests/Oct30NewTestSet/testSet100/Pneji1_100genes.gtf /home/richard/research/tests/Nov6TestbySequenceGC/test100outputBySeqGCMid/Pneji1/Pneji1_fullPrediction.gtf
/home/richard/research/tests/Oct30NewTestSet/testSet100/SerlaS7_9_2_100genes.gtf /home/richard/research/tests/Nov6TestbySequenceGC/test100outputBySeqGCHigh/SerlaS7_9_2/SerlaS7_9_2_fullPrediction.gtf
/home/richard/research/tests/Oct30NewTestSet/testSet100/Ophdi1_100genes.gtf /home/richard/research/tests/Nov6TestbySequenceGC/test100outputBySeqGCMid/Ophdi1/Ophdi1_fullPrediction.gtf
/home/richard/research/tests/Oct30NewTestSet/testSet100/Phchr2_100genes.gtf /home/richard/research/tests/Nov6TestbySequenceGC/test100outputBySeqGCHigh/Phchr2/Phchr2_fullPrediction.gtf
/home/richard/research/tests/Oct30NewTestSet/testSet100/Cenge3_100genes.gtf /home/richard/research/tests/Nov6TestbySequenceGC/test100outputBySeqGCMid/Cenge3/Cenge3_fullPrediction.gtf
/home/richard/research/tests/Oct30NewTestSet/testSet100/Obbri1_100genes.gtf /home/richard/research/tests/Nov6TestbySequenceGC/test100outputBySeqGCHigh/Obbri1/Obbri1_fullPrediction.gtf
/home/richard/research/tests/Oct30NewTestSet/testSet100/Pneji1_100genes.gtf /home/richard/research/tests/Nov6TestbySequenceGC/test100outputBySeqGCHigh/Pneji1/Pneji1_fullPrediction.gtf
/home/richard/research/tests/Oct30NewTestSet/testSet100/Ophdi1_100genes.gtf /home/richard/research/tests/Nov6TestbySequenceGC/test100outputBySeqGCHigh/Ophdi1/Ophdi1_fullPrediction.gtf
/home/richard/research/tests/Oct30NewTestSet/testSet100/Cenge3_100genes.gtf /home/richard/research/tests/Nov6TestbySequenceGC/test100outputBySeqGCHigh/Cenge3/Cenge3_fullPrediction.gtf
/home/richard/research/tests/Oct30NewTestSet/testSet100/Disac1_100genes.gtf /home/richard/research/tests/Nov6TestbySequenceGC/test100outputBySeqGCLow/Disac1/Disac1_fullPrediction.gtf
/home/richard/research/tests/Oct30NewTestSet/testSet100/Tilan2_100genes.gtf /home/richard/research/tests/Nov6TestbySequenceGC/test100outputBySeqGCLow/Tilan2/Tilan2_fullPrediction.gtf
/home/richard/research/tests/Oct30NewTestSet/testSet100/Trias1_100genes.gtf /home/richard/research/tests/Nov6TestbySequenceGC/test100outputBySeqGCLow/Trias1/Trias1_fullPrediction.gtf
/home/richard/research/tests/Oct30NewTestSet/testSet100/Hebcy2_100genes.gtf /home/richard/research/tests/Nov6TestbySequenceGC/test100outputBySeqGCLow/Hebcy2/Hebcy2_fullPrediction.gtf
/home/richard/research/tests/Oct30NewTestSet/testSet100/Croqu1_100genes.gtf /home/richard/research/tests/Nov6TestbySequenceGC/test100outputBySeqGCLow/Croqu1/Croqu1_fullPrediction.gtf
/home/richard/research/tests/Oct30NewTestSet/testSet100/Gloin1_100genes.gtf /home/richard/research/tests/Nov6TestbySequenceGC/test100outputBySeqGCLow/Gloin1/Gloin1_fullPrediction.gtf
/home/richard/research/tests/Oct30NewTestSet/testSet100/Disac1_100genes.gtf /home/richard/research/tests/Nov6TestbySequenceGC/test100outputBySeqGCMid/Disac1/Disac1_fullPrediction.gtf
/home/richard/research/tests/Oct30NewTestSet/testSet100/Disac1_100genes.gtf /home/richard/research/tests/Nov6TestbySequenceGC/test100outputBySeqGCMid/Disac1/Disac1_fullPrediction.gtf
/home/richard/research/tests/Oct30NewTestSet/testSet100/Tilan2_100genes.gtf /home/richard/research/tests/Nov6TestbySequenceGC/test100outputBySeqGCMid/Tilan2/Tilan2_fullPrediction.gtf
/home/richard/research/tests/Oct30NewTestSet/testSet100/Aurvu1_100genes.gtf /home/richard/research/tests/Nov6TestbySequenceGC/test100outputBySeqGCLow/Aurvu1/Aurvu1_fullPrediction.gtf
/home/richard/research/tests/Oct30NewTestSet/testSet100/Trias1_100genes.gtf /home/richard/research/tests/Nov6TestbySequenceGC/test100outputBySeqGCMid/Trias1/Trias1_fullPrediction.gtf
/home/richard/research/tests/Oct30NewTestSet/testSet100/Tilan2_100genes.gtf /home/richard/research/tests/Nov6TestbySequenceGC/test100outputBySeqGCMid/Tilan2/Tilan2_fullPrediction.gtf
/home/richard/research/tests/Oct30NewTestSet/testSet100/Trias1_100genes.gtf /home/richard/research/tests/Nov6TestbySequenceGC/test100outputBySeqGCMid/Trias1/Trias1_fullPrediction.gtf
/home/richard/research/tests/Oct30NewTestSet/testSet100/Hebcy2_100genes.gtf /home/richard/research/tests/Nov6TestbySequenceGC/test100outputBySeqGCMid/Hebcy2/Hebcy2_fullPrediction.gtf
/home/richard/research/tests/Oct30NewTestSet/testSet100/Conli1_100genes.gtf /home/richard/research/tests/Nov6TestbySequenceGC/test100outputBySeqGCLow/Conli1/Conli1_fullPrediction.gtf
/home/richard/research/tests/Oct30NewTestSet/testSet100/Hebcy2_100genes.gtf /home/richard/research/tests/Nov6TestbySequenceGC/test100outputBySeqGCMid/Hebcy2/Hebcy2_fullPrediction.gtf
/home/richard/research/tests/Oct30NewTestSet/testSet100/Croqu1_100genes.gtf /home/richard/research/tests/Nov6TestbySequenceGC/test100outputBySeqGCMid/Croqu1/Croqu1_fullPrediction.gtf
/home/richard/research/tests/Oct30NewTestSet/testSet100/Conco1_100genes.gtf /home/richard/research/tests/Nov6TestbySequenceGC/test100outputBySeqGCLow/Conco1/Conco1_fullPrediction.gtf
/home/richard/research/tests/Oct30NewTestSet/testSet100/Croqu1_100genes.gtf /home/richard/research/tests/Nov6TestbySequenceGC/test100outputBySeqGCMid/Croqu1/Croqu1_fullPrediction.gtf
/home/richard/research/tests/Oct30NewTestSet/testSet100/Gloin1_100genes.gtf /home/richard/research/tests/Nov6TestbySequenceGC/test100outputBySeqGCMid/Gloin1/Gloin1_fullPrediction.gtf
/home/richard/research/tests/Oct30NewTestSet/testSet100/Aspoch1_100genes.gtf /home/richard/research/tests/Nov6TestbySequenceGC/test100outputBySeqGCLow/Aspoch1/Aspoch1_fullPrediction.gtf
/home/richard/research/tests/Oct30NewTestSet/testSet100/Gloin1_100genes.gtf /home/richard/research/tests/Nov6TestbySequenceGC/test100outputBySeqGCMid/Gloin1/Gloin1_fullPrediction.gtf
/home/richard/research/tests/Oct30NewTestSet/testSet100/Aurvu1_100genes.gtf /home/richard/research/tests/Nov6TestbySequenceGC/test100outputBySeqGCMid/Aurvu1/Aurvu1_fullPrediction.gtf
/home/richard/research/tests/Oct30NewTestSet/testSet100/Sphst1_100genes.gtf /home/richard/research/tests/Nov6TestbySequenceGC/test100outputBySeqGCLow/Sphst1/Sphst1_fullPrediction.gtf
/home/richard/research/tests/Oct30NewTestSet/testSet100/Aurvu1_100genes.gtf /home/richard/research/tests/Nov6TestbySequenceGC/test100outputBySeqGCMid/Aurvu1/Aurvu1_fullPrediction.gtf
/home/richard/research/tests/Oct30NewTestSet/testSet100/Conli1_100genes.gtf /home/richard/research/tests/Nov6TestbySequenceGC/test100outputBySeqGCMid/Conli1/Conli1_fullPrediction.gtf
/home/richard/research/tests/Oct30NewTestSet/testSet100/SerlaS7_9_2_100genes.gtf /home/richard/research/tests/Nov6TestbySequenceGC/test100outputBySeqGCLow/SerlaS7_9_2/SerlaS7_9_2_fullPrediction.gtf
/home/richard/research/tests/Oct30NewTestSet/testSet100/Conli1_100genes.gtf /home/richard/research/tests/Nov6TestbySequenceGC/test100outputBySeqGCMid/Conli1/Conli1_fullPrediction.gtf
/home/richard/research/tests/Oct30NewTestSet/testSet100/Conco1_100genes.gtf /home/richard/research/tests/Nov6TestbySequenceGC/test100outputBySeqGCMid/Conco1/Conco1_fullPrediction.gtf
/home/richard/research/tests/Oct30NewTestSet/testSet100/Phchr2_100genes.gtf /home/richard/research/tests/Nov6TestbySequenceGC/test100outputBySeqGCLow/Phchr2/Phchr2_fullPrediction.gtf
/home/richard/research/tests/Oct30NewTestSet/testSet100/Conco1_100genes.gtf /home/richard/research/tests/Nov6TestbySequenceGC/test100outputBySeqGCMid/Conco1/Conco1_fullPrediction.gtf
/home/richard/research/tests/Oct30NewTestSet/testSet100/Disac1_100genes.gtf /home/richard/research/tests/Nov6TestbySequenceGC/test100outputBySeqGCHigh/Disac1/Disac1_fullPrediction.gtf
/home/richard/research/tests/Oct30NewTestSet/testSet100/Aspoch1_100genes.gtf /home/richard/research/tests/Nov6TestbySequenceGC/test100outputBySeqGCMid/Aspoch1/Aspoch1_fullPrediction.gtf
/home/richard/research/tests/Oct30NewTestSet/testSet100/Obbri1_100genes.gtf /home/richard/research/tests/Nov6TestbySequenceGC/test100outputBySeqGCLow/Obbri1/Obbri1_fullPrediction.gtf
/home/richard/research/tests/Oct30NewTestSet/testSet100/Aspoch1_100genes.gtf /home/richard/research/tests/Nov6TestbySequenceGC/test100outputBySeqGCMid/Aspoch1/Aspoch1_fullPrediction.gtf
/home/richard/research/tests/Oct30NewTestSet/testSet100/Tilan2_100genes.gtf /home/richard/research/tests/Nov6TestbySequenceGC/test100outputBySeqGCHigh/Tilan2/Tilan2_fullPrediction.gtf
/home/richard/research/tests/Oct30NewTestSet/testSet100/Trias1_100genes.gtf /home/richard/research/tests/Nov6TestbySequenceGC/test100outputBySeqGCHigh/Trias1/Trias1_fullPrediction.gtf
/home/richard/research/tests/Oct30NewTestSet/testSet100/Sphst1_100genes.gtf /home/richard/research/tests/Nov6TestbySequenceGC/test100outputBySeqGCMid/Sphst1/Sphst1_fullPrediction.gtf
/home/richard/research/tests/Oct30NewTestSet/testSet100/Sphst1_100genes.gtf /home/richard/research/tests/Nov6TestbySequenceGC/test100outputBySeqGCMid/Sphst1/Sphst1_fullPrediction.gtf
/home/richard/research/tests/Oct30NewTestSet/testSet100/Hebcy2_100genes.gtf /home/richard/research/tests/Nov6TestbySequenceGC/test100outputBySeqGCHigh/Hebcy2/Hebcy2_fullPrediction.gtf
/home/richard/research/tests/Oct30NewTestSet/testSet100/SerlaS7_9_2_100genes.gtf /home/richard/research/tests/Nov6TestbySequenceGC/test100outputBySeqGCMid/SerlaS7_9_2/SerlaS7_9_2_fullPrediction.gtf
/home/richard/research/tests/Oct30NewTestSet/testSet100/Pneji1_100genes.gtf /home/richard/research/tests/Nov6TestbySequenceGC/test100outputBySeqGCLow/Pneji1/Pneji1_fullPrediction.gtf
/home/richard/research/tests/Oct30NewTestSet/testSet100/SerlaS7_9_2_100genes.gtf /home/richard/research/tests/Nov6TestbySequenceGC/test100outputBySeqGCMid/SerlaS7_9_2/SerlaS7_9_2_fullPrediction.gtf
/home/richard/research/tests/Oct30NewTestSet/testSet100/Croqu1_100genes.gtf /home/richard/research/tests/Nov6TestbySequenceGC/test100outputBySeqGCHigh/Croqu1/Croqu1_fullPrediction.gtf
/home/richard/research/tests/Oct30NewTestSet/testSet100/Ophdi1_100genes.gtf /home/richard/research/tests/Nov6TestbySequenceGC/test100outputBySeqGCLow/Ophdi1/Ophdi1_fullPrediction.gtf
/home/richard/research/tests/Oct30NewTestSet/testSet100/Phchr2_100genes.gtf /home/richard/research/tests/Nov6TestbySequenceGC/test100outputBySeqGCMid/Phchr2/Phchr2_fullPrediction.gtf
/home/richard/research/tests/Oct30NewTestSet/testSet100/Gloin1_100genes.gtf /home/richard/research/tests/Nov6TestbySequenceGC/test100outputBySeqGCHigh/Gloin1/Gloin1_fullPrediction.gtf
/home/richard/research/tests/Oct30NewTestSet/testSet100/Phchr2_100genes.gtf /home/richard/research/tests/Nov6TestbySequenceGC/test100outputBySeqGCMid/Phchr2/Phchr2_fullPrediction.gtf
/home/richard/research/tests/Oct30NewTestSet/testSet100/Cenge3_100genes.gtf /home/richard/research/tests/Nov6TestbySequenceGC/test100outputBySeqGCLow/Cenge3/Cenge3_fullPrediction.gtf
/home/richard/research/tests/Oct30NewTestSet/testSet100/Obbri1_100genes.gtf /home/richard/research/tests/Nov6TestbySequenceGC/test100outputBySeqGCMid/Obbri1/Obbri1_fullPrediction.gtf
/home/richard/research/tests/Oct30NewTestSet/testSet100/Aurvu1_100genes.gtf /home/richard/research/tests/Nov6TestbySequenceGC/test100outputBySeqGCHigh/Aurvu1/Aurvu1_fullPrediction.gtf
/home/richard/research/tests/Oct30NewTestSet/testSet100/Obbri1_100genes.gtf /home/richard/research/tests/Nov6TestbySequenceGC/test100outputBySeqGCMid/Obbri1/Obbri1_fullPrediction.gtf
/home/richard/research/tests/Oct30NewTestSet/testSet100/Conli1_100genes.gtf /home/richard/research/tests/Nov6TestbySequenceGC/test100outputBySeqGCHigh/Conli1/Conli1_fullPrediction.gtf
/home/richard/research/tests/Oct30NewTestSet/testSet100/Pneji1_100genes.gtf /home/richard/research/tests/Nov6TestbySequenceGC/test100outputBySeqGCMid/Pneji1/Pneji1_fullPrediction.gtf
/home/richard/research/tests/Oct30NewTestSet/testSet100/Pneji1_100genes.gtf /home/richard/research/tests/Nov6TestbySequenceGC/test100outputBySeqGCMid/Pneji1/Pneji1_fullPrediction.gtf
/home/richard/research/tests/Oct30NewTestSet/testSet100/Conco1_100genes.gtf /home/richard/research/tests/Nov6TestbySequenceGC/test100outputBySeqGCHigh/Conco1/Conco1_fullPrediction.gtf
/home/richard/research/tests/Oct30NewTestSet/testSet100/Ophdi1_100genes.gtf /home/richard/research/tests/Nov6TestbySequenceGC/test100outputBySeqGCMid/Ophdi1/Ophdi1_fullPrediction.gtf
/home/richard/research/tests/Oct30NewTestSet/testSet100/Ophdi1_100genes.gtf /home/richard/research/tests/Nov6TestbySequenceGC/test100outputBySeqGCMid/Ophdi1/Ophdi1_fullPrediction.gtf
/home/richard/research/tests/Oct30NewTestSet/testSet100/Cenge3_100genes.gtf /home/richard/research/tests/Nov6TestbySequenceGC/test100outputBySeqGCMid/Cenge3/Cenge3_fullPrediction.gtf
/home/richard/research/tests/Oct30NewTestSet/testSet100/Aspoch1_100genes.gtf /home/richard/research/tests/Nov6TestbySequenceGC/test100outputBySeqGCHigh/Aspoch1/Aspoch1_fullPrediction.gtf
/home/richard/research/tests/Oct30NewTestSet/testSet100/Cenge3_100genes.gtf /home/richard/research/tests/Nov6TestbySequenceGC/test100outputBySeqGCMid/Cenge3/Cenge3_fullPrediction.gtf
/home/richard/research/tests/Oct30NewTestSet/testSet100/Sphst1_100genes.gtf /home/richard/research/tests/Nov6TestbySequenceGC/test100outputBySeqGCHigh/Sphst1/Sphst1_fullPrediction.gtf
/home/richard/research/tests/Oct30NewTestSet/testSet100/SerlaS7_9_2_100genes.gtf /home/richard/research/tests/Nov6TestbySequenceGC/test100outputBySeqGCHigh/SerlaS7_9_2/SerlaS7_9_2_fullPrediction.gtf
/home/richard/research/tests/Oct30NewTestSet/testSet100/Phchr2_100genes.gtf /home/richard/research/tests/Nov6TestbySequenceGC/test100outputBySeqGCHigh/Phchr2/Phchr2_fullPrediction.gtf
/home/richard/research/tests/Oct30NewTestSet/testSet100/Obbri1_100genes.gtf /home/richard/research/tests/Nov6TestbySequenceGC/test100outputBySeqGCHigh/Obbri1/Obbri1_fullPrediction.gtf
/home/richard/research/tests/Oct30NewTestSet/testSet100/Pneji1_100genes.gtf /home/richard/research/tests/Nov6TestbySequenceGC/test100outputBySeqGCHigh/Pneji1/Pneji1_fullPrediction.gtf
/home/richard/research/tests/Oct30NewTestSet/testSet100/Ophdi1_100genes.gtf /home/richard/research/tests/Nov6TestbySequenceGC/test100outputBySeqGCHigh/Ophdi1/Ophdi1_fullPrediction.gtf
/home/richard/research/tests/Oct30NewTestSet/testSet100/Cenge3_100genes.gtf /home/richard/research/tests/Nov6TestbySequenceGC/test100outputBySeqGCHigh/Cenge3/Cenge3_fullPrediction.gtf
