error in file format, GC49SPombeFullExonGammaApprox.txt
