gmhmme3 : error, sequence file's name is not provided
