/storage3/w/richard/meta2015/finalTestSet20151002/longestContigsAnnotation/Aspoch1_scaffold_1.gtf /storage3/w/richard/meta2015/finalTestSet20151002/longestContigsGenemarkhmmToGTF/Aspoch1_scaffold_1.gmhmme3.gtf
/storage3/w/richard/meta2015/finalTestSet20151002/longestContigsAnnotation/Disac1_scaffold_1.gtf /storage3/w/richard/meta2015/finalTestSet20151002/longestContigsGenemarkhmmToGTF/Disac1_scaffold_1.gmhmme3.gtf
/storage3/w/richard/meta2015/finalTestSet20151002/longestContigsAnnotation/Cenge3_scaffold_1.gtf /storage3/w/richard/meta2015/finalTestSet20151002/longestContigsGenemarkhmmToGTF/Cenge3_scaffold_1.gmhmme3.gtf
/storage3/w/richard/meta2015/finalTestSet20151002/longestContigsAnnotation/Conli1_NODE_1580.gtf /storage3/w/richard/meta2015/finalTestSet20151002/longestContigsGenemarkhmmToGTF/Conli1_NODE_1580.gmhmme3.gtf
/storage3/w/richard/meta2015/finalTestSet20151002/longestContigsAnnotation/Trias1_scaffold_1.gtf /storage3/w/richard/meta2015/finalTestSet20151002/longestContigsGenemarkhmmToGTF/Trias1_scaffold_1.gmhmme3.gtf
/storage3/w/richard/meta2015/finalTestSet20151002/longestContigsAnnotation/Pneji1_contig_281.gtf /storage3/w/richard/meta2015/finalTestSet20151002/longestContigsGenemarkhmmToGTF/Pneji1_contig_281.gmhmme3.gtf
/storage3/w/richard/meta2015/finalTestSet20151002/longestContigsAnnotation/Ophdi1_scaffold_1.gtf /storage3/w/richard/meta2015/finalTestSet20151002/longestContigsGenemarkhmmToGTF/Ophdi1_scaffold_1.gmhmme3.gtf
/storage3/w/richard/meta2015/finalTestSet20151002/longestContigsAnnotation/HypEC38_1_scaffold_1.gtf /storage3/w/richard/meta2015/finalTestSet20151002/longestContigsGenemarkhmmToGTF/HypEC38_1_scaffold_1.gmhmme3.gtf
/storage3/w/richard/meta2015/finalTestSet20151002/longestContigsAnnotation/Hebcy2_scaffold_1.gtf /storage3/w/richard/meta2015/finalTestSet20151002/longestContigsGenemarkhmmToGTF/Hebcy2_scaffold_1.gmhmme3.gtf
/storage3/w/richard/meta2015/finalTestSet20151002/longestContigsAnnotation/Aurvu1_scaffold_1.gtf /storage3/w/richard/meta2015/finalTestSet20151002/longestContigsGenemarkhmmToGTF/Aurvu1_scaffold_1.gmhmme3.gtf
/storage3/w/richard/meta2015/finalTestSet20151002/longestContigsAnnotation/SerlaS7_9_2_scaffold_1.gtf /storage3/w/richard/meta2015/finalTestSet20151002/longestContigsGenemarkhmmToGTF/SerlaS7_9_2_scaffold_1.gmhmme3.gtf
/storage3/w/richard/meta2015/finalTestSet20151002/longestContigsAnnotation/Veren1_scaffold_1.gtf /storage3/w/richard/meta2015/finalTestSet20151002/longestContigsGenemarkhmmToGTF/Veren1_scaffold_1.gmhmme3.gtf
/storage3/w/richard/meta2015/finalTestSet20151002/longestContigsAnnotation/Gloin1_scaffold_523.gtf /storage3/w/richard/meta2015/finalTestSet20151002/longestContigsGenemarkhmmToGTF/Gloin1_scaffold_523.gmhmme3.gtf
/storage3/w/richard/meta2015/finalTestSet20151002/longestContigsAnnotation/Obbri1_scaffold_1.gtf /storage3/w/richard/meta2015/finalTestSet20151002/longestContigsGenemarkhmmToGTF/Obbri1_scaffold_1.gmhmme3.gtf
/storage3/w/richard/meta2015/finalTestSet20151002/longestContigsAnnotation/Tilan2_scaffold_1.gtf /storage3/w/richard/meta2015/finalTestSet20151002/longestContigsGenemarkhmmToGTF/Tilan2_scaffold_1.gmhmme3.gtf
/storage3/w/richard/meta2015/finalTestSet20151002/longestContigsAnnotation/Phchr2_scaffold_1.gtf /storage3/w/richard/meta2015/finalTestSet20151002/longestContigsGenemarkhmmToGTF/Phchr2_scaffold_1.gmhmme3.gtf
/storage3/w/richard/meta2015/finalTestSet20151002/longestContigsAnnotation/Sphst1_scaffold_1.gtf /storage3/w/richard/meta2015/finalTestSet20151002/longestContigsGenemarkhmmToGTF/Sphst1_scaffold_1.gmhmme3.gtf
/storage3/w/richard/meta2015/finalTestSet20151002/longestContigsAnnotation/Conco1_scaffold_1.gtf /storage3/w/richard/meta2015/finalTestSet20151002/longestContigsGenemarkhmmToGTF/Conco1_scaffold_1.gmhmme3.gtf
/storage3/w/richard/meta2015/finalTestSet20151002/longestContigsAnnotation/Neopa1_scaffold_148.gtf /storage3/w/richard/meta2015/finalTestSet20151002/longestContigsGenemarkhmmToGTF/Neopa1_scaffold_148.gmhmme3.gtf
/storage3/w/richard/meta2015/finalTestSet20151002/longestContigsAnnotation/Croqu1_scaffold_1.gtf /storage3/w/richard/meta2015/finalTestSet20151002/longestContigsGenemarkhmmToGTF/Croqu1_scaffold_1.gmhmme3.gtf
/storage3/w/richard/meta2015/finalTestSet20151002/longestContigsAnnotation/Spofi1_scaffold_1.gtf /storage3/w/richard/meta2015/finalTestSet20151002/longestContigsGenemarkhmmToGTF/Spofi1_scaffold_1.gmhmme3.gtf
GTF: /storage3/w/richard/meta2015/finalTestSet20151002/longestContigsGenemarkhmmToGTF/Spofi1_scaffold_1.gmhmme3.gtf does not exist.
