/storage3/w/richard/meta2015/finalTestSet20151002/gtf_converted_from_gff/Tilan2_GeneCatalog_genes_20140224.gtf /storage3/w/richard/meta2015/finalTestSet20151002/gtf_converted_from_gff/Tilan2_GeneCatalog_genes_20140224.gtf
/storage3/w/richard/meta2015/finalTestSet20151002/gtf_converted_from_gff/Neopa1_GeneCatalog_genes_20130909.gtf /storage3/w/richard/meta2015/finalTestSet20151002/gtf_converted_from_gff/Neopa1_GeneCatalog_genes_20130909.gtf
/storage3/w/richard/meta2015/finalTestSet20151002/gtf_converted_from_gff/Ophdi1_GeneCatalog_genes_20140614.gtf /storage3/w/richard/meta2015/finalTestSet20151002/gtf_converted_from_gff/Ophdi1_GeneCatalog_genes_20140614.gtf
/storage3/w/richard/meta2015/finalTestSet20151002/gtf_converted_from_gff/Obbri1_GeneCatalog_genes_20140615.gtf /storage3/w/richard/meta2015/finalTestSet20151002/gtf_converted_from_gff/Obbri1_GeneCatalog_genes_20140615.gtf
/storage3/w/richard/meta2015/finalTestSet20151002/gtf_converted_from_gff/Tilan2_GeneCatalog_genes_20140224.gtf /storage3/w/richard/meta2015/finalTestSet20151002/gtf_converted_from_gff/Tilan2_GeneCatalog_genes_20140224.gtf
/storage3/w/richard/meta2015/finalTestSet20151002/gtf_converted_from_gff/Gloin1_GeneCatalog_genes_20120510.gtf /storage3/w/richard/meta2015/finalTestSet20151002/gtf_converted_from_gff/Gloin1_GeneCatalog_genes_20120510.gtf
/storage3/w/richard/meta2015/finalTestSet20151002/gtf_converted_from_gff/Ophdi1_GeneCatalog_genes_20140614.f.good.gtf /storage3/w/richard/meta2015/finalTestSet20151002/gtf_converted_from_gff/Ophdi1_GeneCatalog_genes_20140614.f.good.gtf
/storage3/w/richard/meta2015/finalTestSet20151002/gtf_converted_from_gff/Spofi1_GeneCatalog_genes_20130818.f.good.gtf /storage3/w/richard/meta2015/finalTestSet20151002/gtf_converted_from_gff/Spofi1_GeneCatalog_genes_20130818.f.good.gtf
/storage3/w/richard/meta2015/finalTestSet20151002/gtf_converted_from_gff/Gloin1_GeneCatalog_genes_20120510.f.good.gtf /storage3/w/richard/meta2015/finalTestSet20151002/gtf_converted_from_gff/Gloin1_GeneCatalog_genes_20120510.f.good.gtf
/storage3/w/richard/meta2015/finalTestSet20151002/gtf_converted_from_gff/Neopa1_GeneCatalog_genes_20130909.gtf /storage3/w/richard/meta2015/finalTestSet20151002/gtf_converted_from_gff/Neopa1_GeneCatalog_genes_20130909.gtf
/storage3/w/richard/meta2015/finalTestSet20151002/gtf_converted_from_gff/Ophdi1_GeneCatalog_genes_20140614.gtf /storage3/w/richard/meta2015/finalTestSet20151002/gtf_converted_from_gff/Ophdi1_GeneCatalog_genes_20140614.gtf
/storage3/w/richard/meta2015/finalTestSet20151002/gtf_converted_from_gff/Obbri1_GeneCatalog_genes_20140615.gtf /storage3/w/richard/meta2015/finalTestSet20151002/gtf_converted_from_gff/Obbri1_GeneCatalog_genes_20140615.gtf
/storage3/w/richard/meta2015/finalTestSet20151002/gtf_converted_from_gff/Gloin1_GeneCatalog_genes_20120510.gtf /storage3/w/richard/meta2015/finalTestSet20151002/gtf_converted_from_gff/Gloin1_GeneCatalog_genes_20120510.gtf
/storage3/w/richard/meta2015/finalTestSet20151002/gtf_converted_from_gff/Trias1_GeneCatalog_genes_20120305.f.good.gtf /storage3/w/richard/meta2015/finalTestSet20151002/gtf_converted_from_gff/Trias1_GeneCatalog_genes_20120305.f.good.gtf
/storage3/w/richard/meta2015/finalTestSet20151002/gtf_converted_from_gff/Cenge3_GeneCatalog_genes_20130403.f.good.gtf /storage3/w/richard/meta2015/finalTestSet20151002/gtf_converted_from_gff/Cenge3_GeneCatalog_genes_20130403.f.good.gtf
/storage3/w/richard/meta2015/finalTestSet20151002/gtf_converted_from_gff/Sphst1_GeneCatalog_genes_20120430.f.good.gtf /storage3/w/richard/meta2015/finalTestSet20151002/gtf_converted_from_gff/Sphst1_GeneCatalog_genes_20120430.f.good.gtf
/storage3/w/richard/meta2015/finalTestSet20151002/gtf_converted_from_gff/Phchr2_GeneCatalog_genes_20131210.f.good.gtf /storage3/w/richard/meta2015/finalTestSet20151002/gtf_converted_from_gff/Phchr2_GeneCatalog_genes_20131210.f.good.gtf
/storage3/w/richard/meta2015/finalTestSet20151002/gtf_converted_from_gff/HypEC38_1_GeneCatalog_genes_20120308.f.good.gtf /storage3/w/richard/meta2015/finalTestSet20151002/gtf_converted_from_gff/HypEC38_1_GeneCatalog_genes_20120308.f.good.gtf
/storage3/w/richard/meta2015/finalTestSet20151002/gtf_converted_from_gff/Conco1_GeneCatalog_genes_20120213.f.good.gtf /storage3/w/richard/meta2015/finalTestSet20151002/gtf_converted_from_gff/Conco1_GeneCatalog_genes_20120213.f.good.gtf
/storage3/w/richard/meta2015/finalTestSet20151002/gtf_converted_from_gff/Croqu1_GeneCatalog_genes_20120612.f.good.gtf /storage3/w/richard/meta2015/finalTestSet20151002/gtf_converted_from_gff/Croqu1_GeneCatalog_genes_20120612.f.good.gtf
/storage3/w/richard/meta2015/finalTestSet20151002/gtf_converted_from_gff/Obbri1_GeneCatalog_genes_20140615.f.good.gtf /storage3/w/richard/meta2015/finalTestSet20151002/gtf_converted_from_gff/Obbri1_GeneCatalog_genes_20140615.f.good.gtf
/storage3/w/richard/meta2015/finalTestSet20151002/gtf_converted_from_gff/Aspoch1_GeneCatalog_genes_20140127.f.good.gtf /storage3/w/richard/meta2015/finalTestSet20151002/gtf_converted_from_gff/Aspoch1_GeneCatalog_genes_20140127.f.good.gtf
/storage3/w/richard/meta2015/finalTestSet20151002/gtf_converted_from_gff/Aurvu1_GeneCatalog_genes_20140723.f.good.gtf /storage3/w/richard/meta2015/finalTestSet20151002/gtf_converted_from_gff/Aurvu1_GeneCatalog_genes_20140723.f.good.gtf
/storage3/w/richard/meta2015/finalTestSet20151002/gtf_converted_from_gff/Pneji1_GeneCatalog_genes_20130607.f.good.gtf /storage3/w/richard/meta2015/finalTestSet20151002/gtf_converted_from_gff/Pneji1_GeneCatalog_genes_20130607.f.good.gtf
/storage3/w/richard/meta2015/finalTestSet20151002/gtf_converted_from_gff/Disac1_GeneCatalog_genes_20130805.f.good.gtf /storage3/w/richard/meta2015/finalTestSet20151002/gtf_converted_from_gff/Disac1_GeneCatalog_genes_20130805.f.good.gtf
/storage3/w/richard/meta2015/finalTestSet20151002/gtf_converted_from_gff/Neopa1_GeneCatalog_genes_20130909.f.good.gtf /storage3/w/richard/meta2015/finalTestSet20151002/gtf_converted_from_gff/Neopa1_GeneCatalog_genes_20130909.f.good.gtf
/storage3/w/richard/meta2015/finalTestSet20151002/gtf_converted_from_gff/Veren1_GeneCatalog_genes_20140626.f.good.gtf /storage3/w/richard/meta2015/finalTestSet20151002/gtf_converted_from_gff/Veren1_GeneCatalog_genes_20140626.f.good.gtf
/storage3/w/richard/meta2015/finalTestSet20151002/gtf_converted_from_gff/SerlaS7_9_2_GeneCatalog_genes_20120319.f.good.gtf /storage3/w/richard/meta2015/finalTestSet20151002/gtf_converted_from_gff/SerlaS7_9_2_GeneCatalog_genes_20120319.f.good.gtf
/storage3/w/richard/meta2015/finalTestSet20151002/gtf_converted_from_gff/Hebcy2_GeneCatalog_genes_20120913.f.good.gtf /storage3/w/richard/meta2015/finalTestSet20151002/gtf_converted_from_gff/Hebcy2_GeneCatalog_genes_20120913.f.good.gtf
/storage3/w/richard/meta2015/finalTestSet20151002/gtf_converted_from_gff/Conli1_GeneCatalog_genes_20130808.f.good.gtf /storage3/w/richard/meta2015/finalTestSet20151002/gtf_converted_from_gff/Conli1_GeneCatalog_genes_20130808.f.good.gtf
/storage3/w/richard/meta2015/finalTestSet20151002/gtf_converted_from_gff/Tilan2_GeneCatalog_genes_20140224.f.good.gtf /storage3/w/richard/meta2015/finalTestSet20151002/gtf_converted_from_gff/Tilan2_GeneCatalog_genes_20140224.f.good.gtf
/storage3/w/richard/meta2015/finalTestSet20151002/gtf_converted_from_gff/Pneji1_GeneCatalog_genes_20130607.gtf /storage3/w/richard/meta2015/finalTestSet20151002/gtf_converted_from_gff/Pneji1_GeneCatalog_genes_20130607.gtf
/storage3/w/richard/meta2015/finalTestSet20151002/gtf_converted_from_gff/Trias1_GeneCatalog_genes_20120305.gtf /storage3/w/richard/meta2015/finalTestSet20151002/gtf_converted_from_gff/Trias1_GeneCatalog_genes_20120305.gtf
/storage3/w/richard/meta2015/finalTestSet20151002/gtf_converted_from_gff/Croqu1_GeneCatalog_genes_20120612.gtf /storage3/w/richard/meta2015/finalTestSet20151002/gtf_converted_from_gff/Croqu1_GeneCatalog_genes_20120612.gtf
/storage3/w/richard/meta2015/finalTestSet20151002/gtf_converted_from_gff/Aspoch1_GeneCatalog_genes_20140127.gtf /storage3/w/richard/meta2015/finalTestSet20151002/gtf_converted_from_gff/Aspoch1_GeneCatalog_genes_20140127.gtf
/storage3/w/richard/meta2015/finalTestSet20151002/gtf_converted_from_gff/Hebcy2_GeneCatalog_genes_20120913.gtf /storage3/w/richard/meta2015/finalTestSet20151002/gtf_converted_from_gff/Hebcy2_GeneCatalog_genes_20120913.gtf
/storage3/w/richard/meta2015/finalTestSet20151002/gtf_converted_from_gff/Sphst1_GeneCatalog_genes_20120430.gtf /storage3/w/richard/meta2015/finalTestSet20151002/gtf_converted_from_gff/Sphst1_GeneCatalog_genes_20120430.gtf
/storage3/w/richard/meta2015/finalTestSet20151002/gtf_converted_from_gff/Pneji1_GeneCatalog_genes_20130607.gtf /storage3/w/richard/meta2015/finalTestSet20151002/gtf_converted_from_gff/Pneji1_GeneCatalog_genes_20130607.gtf
/storage3/w/richard/meta2015/finalTestSet20151002/gtf_converted_from_gff/Trias1_GeneCatalog_genes_20120305.gtf /storage3/w/richard/meta2015/finalTestSet20151002/gtf_converted_from_gff/Trias1_GeneCatalog_genes_20120305.gtf
/storage3/w/richard/meta2015/finalTestSet20151002/gtf_converted_from_gff/Croqu1_GeneCatalog_genes_20120612.gtf /storage3/w/richard/meta2015/finalTestSet20151002/gtf_converted_from_gff/Croqu1_GeneCatalog_genes_20120612.gtf
/storage3/w/richard/meta2015/finalTestSet20151002/gtf_converted_from_gff/Conco1_GeneCatalog_genes_20120213.gtf /storage3/w/richard/meta2015/finalTestSet20151002/gtf_converted_from_gff/Conco1_GeneCatalog_genes_20120213.gtf
/storage3/w/richard/meta2015/finalTestSet20151002/gtf_converted_from_gff/Aspoch1_GeneCatalog_genes_20140127.gtf /storage3/w/richard/meta2015/finalTestSet20151002/gtf_converted_from_gff/Aspoch1_GeneCatalog_genes_20140127.gtf
/storage3/w/richard/meta2015/finalTestSet20151002/gtf_converted_from_gff/Hebcy2_GeneCatalog_genes_20120913.gtf /storage3/w/richard/meta2015/finalTestSet20151002/gtf_converted_from_gff/Hebcy2_GeneCatalog_genes_20120913.gtf
/storage3/w/richard/meta2015/finalTestSet20151002/gtf_converted_from_gff/Sphst1_GeneCatalog_genes_20120430.gtf /storage3/w/richard/meta2015/finalTestSet20151002/gtf_converted_from_gff/Sphst1_GeneCatalog_genes_20120430.gtf
/storage3/w/richard/meta2015/finalTestSet20151002/gtf_converted_from_gff/Spofi1_GeneCatalog_genes_20130818.gtf /storage3/w/richard/meta2015/finalTestSet20151002/gtf_converted_from_gff/Spofi1_GeneCatalog_genes_20130818.gtf
/storage3/w/richard/meta2015/finalTestSet20151002/gtf_converted_from_gff/Cenge3_GeneCatalog_genes_20130403.gtf /storage3/w/richard/meta2015/finalTestSet20151002/gtf_converted_from_gff/Cenge3_GeneCatalog_genes_20130403.gtf
/storage3/w/richard/meta2015/finalTestSet20151002/gtf_converted_from_gff/Veren1_GeneCatalog_genes_20140626.gtf /storage3/w/richard/meta2015/finalTestSet20151002/gtf_converted_from_gff/Veren1_GeneCatalog_genes_20140626.gtf
/storage3/w/richard/meta2015/finalTestSet20151002/gtf_converted_from_gff/SerlaS7_9_2_GeneCatalog_genes_20120319.gtf /storage3/w/richard/meta2015/finalTestSet20151002/gtf_converted_from_gff/SerlaS7_9_2_GeneCatalog_genes_20120319.gtf
/storage3/w/richard/meta2015/finalTestSet20151002/gtf_converted_from_gff/Conli1_GeneCatalog_genes_20130808.gtf /storage3/w/richard/meta2015/finalTestSet20151002/gtf_converted_from_gff/Conli1_GeneCatalog_genes_20130808.gtf
/storage3/w/richard/meta2015/finalTestSet20151002/gtf_converted_from_gff/Conco1_GeneCatalog_genes_20120213.gtf /storage3/w/richard/meta2015/finalTestSet20151002/gtf_converted_from_gff/Conco1_GeneCatalog_genes_20120213.gtf
/storage3/w/richard/meta2015/finalTestSet20151002/gtf_converted_from_gff/Disac1_GeneCatalog_genes_20130805.gtf /storage3/w/richard/meta2015/finalTestSet20151002/gtf_converted_from_gff/Disac1_GeneCatalog_genes_20130805.gtf
/storage3/w/richard/meta2015/finalTestSet20151002/gtf_converted_from_gff/HypEC38_1_GeneCatalog_genes_20120308.gtf /storage3/w/richard/meta2015/finalTestSet20151002/gtf_converted_from_gff/HypEC38_1_GeneCatalog_genes_20120308.gtf
/storage3/w/richard/meta2015/finalTestSet20151002/gtf_converted_from_gff/Spofi1_GeneCatalog_genes_20130818.gtf /storage3/w/richard/meta2015/finalTestSet20151002/gtf_converted_from_gff/Spofi1_GeneCatalog_genes_20130818.gtf
/storage3/w/richard/meta2015/finalTestSet20151002/gtf_converted_from_gff/Phchr2_GeneCatalog_genes_20131210.gtf /storage3/w/richard/meta2015/finalTestSet20151002/gtf_converted_from_gff/Phchr2_GeneCatalog_genes_20131210.gtf
/storage3/w/richard/meta2015/finalTestSet20151002/gtf_converted_from_gff/Cenge3_GeneCatalog_genes_20130403.gtf /storage3/w/richard/meta2015/finalTestSet20151002/gtf_converted_from_gff/Cenge3_GeneCatalog_genes_20130403.gtf
/storage3/w/richard/meta2015/finalTestSet20151002/gtf_converted_from_gff/Veren1_GeneCatalog_genes_20140626.gtf /storage3/w/richard/meta2015/finalTestSet20151002/gtf_converted_from_gff/Veren1_GeneCatalog_genes_20140626.gtf
/storage3/w/richard/meta2015/finalTestSet20151002/gtf_converted_from_gff/Aurvu1_GeneCatalog_genes_20140723.gtf /storage3/w/richard/meta2015/finalTestSet20151002/gtf_converted_from_gff/Aurvu1_GeneCatalog_genes_20140723.gtf
/storage3/w/richard/meta2015/finalTestSet20151002/gtf_converted_from_gff/SerlaS7_9_2_GeneCatalog_genes_20120319.gtf /storage3/w/richard/meta2015/finalTestSet20151002/gtf_converted_from_gff/SerlaS7_9_2_GeneCatalog_genes_20120319.gtf
/storage3/w/richard/meta2015/finalTestSet20151002/gtf_converted_from_gff/Conli1_GeneCatalog_genes_20130808.gtf /storage3/w/richard/meta2015/finalTestSet20151002/gtf_converted_from_gff/Conli1_GeneCatalog_genes_20130808.gtf
/storage3/w/richard/meta2015/finalTestSet20151002/gtf_converted_from_gff/Disac1_GeneCatalog_genes_20130805.gtf /storage3/w/richard/meta2015/finalTestSet20151002/gtf_converted_from_gff/Disac1_GeneCatalog_genes_20130805.gtf
/storage3/w/richard/meta2015/finalTestSet20151002/gtf_converted_from_gff/HypEC38_1_GeneCatalog_genes_20120308.gtf /storage3/w/richard/meta2015/finalTestSet20151002/gtf_converted_from_gff/HypEC38_1_GeneCatalog_genes_20120308.gtf
/storage3/w/richard/meta2015/finalTestSet20151002/gtf_converted_from_gff/Phchr2_GeneCatalog_genes_20131210.gtf /storage3/w/richard/meta2015/finalTestSet20151002/gtf_converted_from_gff/Phchr2_GeneCatalog_genes_20131210.gtf
/storage3/w/richard/meta2015/finalTestSet20151002/gtf_converted_from_gff/Aurvu1_GeneCatalog_genes_20140723.gtf /storage3/w/richard/meta2015/finalTestSet20151002/gtf_converted_from_gff/Aurvu1_GeneCatalog_genes_20140723.gtf
