Eukariotyc GeneMark.hmm version 3.48
Sequence name: /home/richard/research/tests/Dec10JGI_Genome_ES/SPombe/output/data/dna.fa_5
FASTA defline: >dna.fa_5	4_dna	1	20128
Sequence length: 20128 bp
G+C content: 32.28%
Matrices file: /home/richard/research/tests/Dec10JGI_Genome_ES/SPombe/output/gmhmm.mod
Fri Dec 11 12:45:24 2015


Predicted genes/exons

Gene Exon Strand Exon           Exon Range         Exon      Start/End
  #    #         Type                             Length       Frame


  1   1   -  Single            3354       3710        357          3 1 - -

  2   1   +  Single            3889       4368        480          1 3 - -

  3   1   +  Initial          11622      11920        299          1 2 - -
  3   2   +  Terminal         11976      12180        205          3 3 - -

  4   1   +  Single           15856      16401        546          1 3 - -

# nucleotide sequence of predicted genes

>gene_1|GeneMark.hmm|357_nt
ATGGATCCAAGATTAAGAGCACCTATTTTCTTGCCAATTTTGACTCCAGAAACTTTACAA
AAGAAGAAACAAATTAAAGGAAACAAAACCACAATCTACAAAAATGGATTCATGCTATTT
AGAAGTAGGCTACACAAAATTTTGAATCTATCAGGAGATTGGGCAGGTGCTTCAGCCAAA
TGCTCAATAATTTGGCATACATTACCACAAAATGTTAGACTTGCCTGGTCACAATTAGCT
GAACTCAGTCATTATCAGGACGTTAGGAGACAAATTGCCAAGTTAGAGCGCATACTATAT
TCAAAAAGATTAAATGGACACAACAATTATAAACTACATATAAGCAGGGTTCAGTAA

>gene_2|GeneMark.hmm|480_nt
ATGAAACGAGTAGCTGTTTTATTAAAGACTGTAATGTGTGAATTTCTCAAATGTGATTAC
AATGGATACGATAGAATCATTTCTCTTTTGCGGCGTATTCTTACTCTAATTTGTACTCCA
AACTTAAATGGGTTGACTATTAAACGAGTAATTGATTCTATGCAGTCTTTGGAATACATT
AAACAAACATGTAATTTCAAACTTCAAATGTGCATTTCCAGTATGGCTTTTAAAAGAAAC
AATGCTTTACAGAATTGTAATCACTATGCTTGGTGTGATGATCATTGTTCAGATATTGGA
AGACCGATGACTACCGTACGCGGTCAGTGTTCCAAGTGCACTAAACCCCACTTGATGCGT
TGGCTTTTGTTGCACTATGACAATCCATATCCCTCTAACTCTGAGTTTTACGACCTGTCA
GCGGCTACTGGATTAACGCGTACTCAATTACGTAACTGGTTTTCTAACCGACGACGTTGA

>gene_3|GeneMark.hmm|504_nt
ATGGTGCGATTGGACTTGAGTGAGCTGACAGCACTGTATGAGGGTCTGTTTGCCAAGATT
CAGGACTTGTTGAAAGAGTTATGTTTTGATACAGATGTGGAAAAACCATTATCCATTTCG
TTGCTAAGATCGATTGGTGACGACGATATTATCAATAGCAAACTGGGATATTCATTCTTT
AAGGATTGTATGGAGATACGTTTTTAGAAAAGTGTATTGTTACGAATACCAGTGTATAAG
AACAGTGAACTTTATCTTTGGTTTTTATCGTCGATGTCTAAGAAGGATCTAAGTAATTTC
AAGAGTTATTACAACTACAACTATAACTATAACTGCAACTATAACTACAACGATAAGAAC
TATCACTACTCTGAAGACAACGATGTGTTTTCTCAAGATGATAACGGATCTAGCTTCGCC
ATCAATAAGTATGAGACAAAGGAGTCCATCTTTGATGAAACATCCATTTGCCTGTTGTAC
ATTTTTGCAGGACAACCAGCCTGA

>gene_4|GeneMark.hmm|546_nt
ATGGACTCACACCAAGAATTATCAGCGGGTTCCCCTATTTCCTACGACTTTTTAGATCCA
GACTGGTGTTTTAAAAGATACCTTACAAAGGATGCTCTTCATTCAATTGAAACTGGCAAA
GGTGCTGCTTACTTTGTTCCTGATGGCTTTACTCCTATACTCATTCCTAACTCACAAAGC
TACCTGTTGGATGGGAATTCTGCACAACTGCCAAGACCTCAACCAATATCCTTCACATTG
GATCAATGTAAAGTTCCCGGCTATATTTTGAAGAGTTTACGGAAAGACACTACGTCTACT
GAACGTACTCCGAGACCCCCTAATGCTTTTATATTATACAGGAAGGAAAAACATGCTACA
TTATTAAAGTCTAACCCTTCCATCAATAATTCACAAGTTTCCAAGCTGGTTGGAGAGATG
TGGAGAAACGAATCAAAGGAAGTACGTATGCGATATTTTAAGATGTCTGAGTTTTATAAA
GCACAACATCAGAAAATGTACCCTGGTTATAAGTACCAGCCTAGAAAGAATAAAGTTAAA
AGATAA

# end nucleotide sequence

