Eukariotyc GeneMark.hmm version 3.48
Sequence name: /home/richard/research/tests/Dec10JGI_Genome_ES/SPombe/output/data/dna.fa_6
FASTA defline: >dna.fa_6	5_dna	1	20000
Sequence length: 20000 bp
G+C content: 33.17%
Matrices file: /home/richard/research/tests/Dec10JGI_Genome_ES/SPombe/output/gmhmm.mod
Fri Dec 11 12:45:24 2015


Predicted genes/exons

Gene Exon Strand Exon           Exon Range         Exon      Start/End
  #    #         Type                             Length       Frame


  1   1   -  Single            1479       3197       1719          3 1 - -

  2   2   -  Terminal          8856       9365        510          3 1 - -
  2   1   -  Initial           9651       9803        153          3 1 - -

  3   1   +  Single           11641      13344       1704          1 3 - -

  4   1   -  Single           14073      15248       1176          3 1 - -

  5   1   +  Single           16479      18062       1584          1 3 - -

# nucleotide sequence of predicted genes

>gene_1|GeneMark.hmm|1719_nt
ATGTCACACAACAACTTTGAGTTAAGCCCCGATTATAAGGATATTGACAAGAAGGATGAC
TTAAACCCCTCTATAGTTGAAAAAGGTTATGTTGAGGGCGTAGTAGACGATGTGCAGCCG
GAGCGTAAGAGTTTCATAACAAAATTTTTTGACGATTTTAAACCAGCTATATCCACCGAC
GAAGATGGCTCAGCACTGAAACGAAGCTTAAAAGCTCGACATATGCAAATGATCGCAATT
GGGGGGGCTATCGGCAGTGGTCTTTACGTTGGTTCAGGCAGTTCACTTTCAGATGGTGGC
CCAGCATCTATTATTATTAACTATACGTTAATCGGAATTATGATGTTTTTTGTTGTTTAT
GCACTTGGTGAGCTGTCTGTTGCTTATCCGGTTGCTGGCGGTTTTAATACCATTGCCACG
CGCTTTATCGATCCTGCATGGGGATTCACGATTAGTTGGAATTACTTTATCAACTACTTT
ATAACATTTCCCCTTGAATTAACGACTTGTGCCATTACGTTTAGGTTTTGGACGGACATT
AATAGCGCTGCTTGGATTTCTATTTTTTTGGTTATCGTTATTATCATTAATCTTTTTGGT
GTTCGAGCATATGGAGAGGTTGAGTTTATATTAAGTACATTGAAAGTTATAGCAACTCTC
GGATTCATCATCCTGGCCATCATCATTAACTGCGGTGGTGTTCCCACGGATCATCGTGGA
TATATTGGTGGCAGTATTATTAAGAAAGATCCATTTAGACATGGATTTAAAGGATTCTGT
TCGGTTTTTACTACCGCTGCATTTTCTTTTTCAGGTACGGAATTCATTGGATTAGCTGCC
GCGGAAGTTGATAACCCGCAAAAATCACTCCCTCATGCTGTGAAACAAGTGTTTTGGCGT
ATTGCTGTATTCTACATTGTTTCTTTGACATTGATAGGGCTATTAATTAGTCCTGATGAT
CCTAACTTGATGGGCAATGGATCAACCAGTGTCTCTCCTTTCGTACTAGCCATTCAAGAA
GCAAACATTAAAGGATTGCCTTCCGTTTTTAATGCTGTAATTATTATATCTGTCGTTTCC
GTAACTAATTCTAGCACTTACGCAGCCGCTCGTACCCTTCACGGTATGGCTGGTTTGGGG
CACGCACCTAAATTCTTCAAGTACACAGATCGCCTTGGTCGTCCTTTAATTGCTATGGTT
GTAGTACTTTTATTTGGGTTTTTTGCCTACATTAATGAAGCTGACAAAAACGGCAACGAT
GTTAGTGACACGGTATTTGATTGGCTTCTTGCTCTTGCAGGATTATCCAATTTTTTTTCG
TGGGGTAGTATATGTCTATCTCATATTATTTTTCGTCTAGCATACAAAAGACAGGGGCGT
TCTTTACGGGATTTAGGCTTCGTATCTCCGATGGGAATTTGGGGTTCTTGCATTGGTTTG
TTTTTTAATATCTTATGCCTAATGGCACAGTTTTATGTATCCCTGTTTCCTATTGGTGGA
AAACCAAACGCGAATGATTTTTTTCAAGGTTATTTAGCCGCCTGTGTTGCTATTGTTTTC
TTTGTCGGTTATAAAATATATGATAGATCACACGTCCCGTCTTTGGATAAACTGGATATT
TCAACTGGCCTACGAACTTATGAAAATTCTGACGAAGAAGATGAGACATCTAGTGGATTT
AAACATGTTTTAAAGAAAATTTATGGTGCGTTCTGCTGA

>gene_2|GeneMark.hmm|663_nt
ATGTTTTTGGGTACAATATATTCTTTCAAAACTAATACTAGAACTCCTTGTCTTTTGGAG
TTGGCTAAACGCCTTGATCTCCAAGTTGATCTTGTTGAAACTTATCATCATAAGTTCCCT
ACAGATTTGGCTGCAAAGTTTCCTCTCCAAAAGCTTCCTGTTTTCATTGGTGCTGATGGC
TTTGAATTATCTGAAGTCATTGCCATTTTTAAATATTTCTATGAAAAGGGAAAGCACAAT
GACAAGGAAGGACTTGGCCCTATCAATGAGATTGAAGAGGCTGAGATGTTAAAGTGGATG
TGCTTCATTAACTTCGACATTGTAACGCCTCAAATTGTCCGCCCTTGGGTCGATATGTTC
CGTGGTAGCGTCCCTTACGAGGACAAGGCTTTCAAAGAATCTGCTGCTAGGGCAATTGAT
AGTTTAAAAATTATTAACGAACTTGTCAAGGACCGTACGTATCTTGTAGGCGATCGCTTT
ACCCTCGCCGATTTGTTTTTTGGAAGTATTCTTCGTAGATTCTTCCACTCCATTATTGAT
GAGAAGACACGCAAGGAGCTTCCTCATTTAACTAGATATTATGTAACTATGTTTCATCAA
GCAAAACTCGAAGCGTATTATCCTTTGGAGTTGCCTTTGACTGTTACTGTTCCTAATAAT
TAA

>gene_3|GeneMark.hmm|1704_nt
ATGAATGTTCAAAAGTCTAATAACGCAGAAGAAACAATCACCCCATTTTCTGAAGAGTCT
TCTCTGTTAAATTCGAATTCTTACATTCCTGCCACTTTTGTCGACCCCACCACTATCCCT
CAAACATCAACAGAAGATATTGATATACATGGCTTCAATTCTATTTTTGATATTCCCAAC
CTAGCCTGGATAGAAGTTTCTTTGTTGTTAAACGTTTTCCTTGCTGGTTTTGATGGGACT
GTCACAGCGTCTGCTTATACTACAATTGGTGAAGAGTTTCATGCTGCAAATCTTGCGTCT
TGGATCACCACTTCGTATTTGATTACCAGTACTACTTTTCAACCCCTGTACGGATCGTTT
TCCGACGTTTTGGGGAGAAGGGTATGTTTGTTTATGGCCTCAGGGCTTTTTTGTTTAGGT
TGCCTGTGGTGTTATTTTAGTAGTGGTATGGTTTCTCTAATTTTTGCACGATCATTTATG
GGAATTGGGGGAGGAGGATTAATCACTCTGTCGACAATCATTAATTCGGATATTATTCCC
ACGAGAAATCGGGGCCTTTTTCAAGCATTTCAAAATCTCTTATTGGGATTCGGAGCAATA
TGTGGTGCTTCTTTTGGAGGTGTGCTTTCCGAAGTATTTAGTTGGAGATTATGTTTTTTG
GTCCAAGTTCCTTTTTCAGTTTTGAGTATCGCGGTTGGTTTTTTTTTTGTAAAAAATCAG
AGCGGTTATTCAAGGTTTCATCATTATTGTGTTCTTTTTAAAAAAATCGATATATTGGGA
GGATTATTGTTGGTATCTGGTTTGACATCGTTACTATTAGTTTTAACGTTTGGCAGTTCC
AGATCCATTCAAACATATCGACCCTCTCAGCTTTTACTTTTATTAGGGATCTTATGTATT
GTTGCATTTGTATACGTCGAATCAATCACAGAAGCAGCACCCATTATCCCCTTAAAACTG
CTTAAAGGGCTATATAGTAGTCTTGTTTTGACAACTGGTTTTCTAATTGGTTTAGCTGGA
TATGCATATCTGTTTACGTTGCCATTATTTTTTCAATTGGTATTGGGTGATAGTCCTTCC
AAAGCTGGCCTGCGCCTTGCTTTGCCTTCCTTGTCCACACCTATTGGAGGATTGATTTGT
GGTATCCTAATGCATCGAAATTTTCGTGTAGGAAAACTACTTTTTTCGGGAGTTTTTCTC
ATGTCTTTAGGGTACTTTCTCAGCTTGTTTATCCATCCTGGCATTTCACCAATAGTGTTG
GGCATATTTCTTATTCCGGCAAACGTTGGACAAGGTATAGGCTTTCCAAGCTCTTTATTT
TCATTTATATTTGCTTTCCCTCAAAATTCGCATGCTACGTCTACATCTACACTTTATTTA
ATTAGAAGCATTGGATCGCTTTTTGGGGTAGGAGGGTTGTCAGCAGTCATTCAATTAACG
CTCAGGAAAAAGATGTTAGCTGACTTAACAAAATTCACTGACCTCGACTCAAAGAGCATT
CAGAAAATCATACATGACGTTAGCAAATCAATATCTGCGTTATATGAGTTACCAGAGGCC
ATTCAGGAAATTGTCTTAAGTGATTATACTTTTTCAATTCGAAAAGCGCAACAGTTTACA
ACTATTTGCTGTGTTTTAGCTCTTGGTCTCTGCATTTTAAAGGATACAATAAAACCACGG
ACGCCCTCCGGATTTCGATACTAG

>gene_4|GeneMark.hmm|1176_nt
ATGGCAACCCTTACCGAAACTATTAGCAAAGCTGACAAGCACGATGAAAAATTGACAGAT
TTTCAGTACTCAAAGAAAATATTTAACGGTGTTCATGAAGTTGAAGATGATAAACAAAGA
ACTGATTTTACTACTGTAAGGTTCGGTGATGTAGAAAAAAAGTTCGCAGTTCCTAAAGAT
TACAAGTATAAAAATGTTTTGCCAACATTTCCAAACGCTGTTTACAATCTAACTGGTGAA
CTGGCATTTGAGGATAAGGGACTTTTAGCGGATCCCAAGTTTTCAAATTTATTGAAAGAC
GTAACCAAAGTGGAACACTTAGCTCGTGATTTAGGAACAGTTTTATATGGAATTCAACTA
AGTAAACTTAATGATGCTCAAAAGAATGAACTTGCTCGCTACATTGCAGAACGTGGGGTT
GTGTATTTTCCAGATCAAGAGCAAACATTAGAGGAGTTCCAAGAGTTGGGTCAATATTAT
GGTCATTCTCACAAACACGGCTCTAATTCCAGGCCTTTTGAAGATAAGTTCGCAGAATTT
CAAGTGGTGTATTCAGATCGATTTTCGCCATATGATCAACATGCGAAGAACAACTCCCTA
AGATATTGGCATTCGGATGTAAGTTTTGAAAAACAACCATCTGCTCAAACCTTTTTTAAG
GCCCTTACGGTTCCTGAGCAAGGTGGAGACACACTGTTTATTTCGGGATATGCTGCATAT
GAGGCATTATCAACTCCTCTGAAAAAATACTTAGAAGGACTCACCGTTGTTCATTCAGGT
AAAGAGCAATCTGAATATCATCGTAGAAGTGGTCAACATGTTCGTTTAGATGGAGATACA
AATGCCCATCCAATTGTTCGCACTCATCCGGTGACCGGTTGGAAATCTCTTTTTATCAGC
CCTGGCTTCACTCGATACATTCCTGGAATACCCAGAGGGGAATCAGATGCGATCCTAGAC
TATTTATATCAGCATATCGCAAATTTGTCTCAGTCGACTGTCAGAATTAAATGGACTTCC
AATGGTGTTGCTGCCTGGGACAATCGAATTGTCATTCATAGAGCTACCTATGATCATTTA
CCCCAGACCCGCCATCTTGTTCGTATTGCTGCCCAGGGTGAAGTACCTTTTTTTGATGCT
AACAGTCATGAGCGATCCGAAGATCTCCGAGAATAA

>gene_5|GeneMark.hmm|1584_nt
ATGTCTTTAAAATTTCCGGACATAGCCATCAATTCTTCTGAATCCTCGGACGATGAAGAT
CCATCATCAAAAAATGAAAAGAAAGATGGAAGCATCAAAGTTGTAAAAGGATTAACTGAC
GAAAAGAAAGTATTTGAAAAGGCTAAAAATGACTTTGACGAAGCCCTGGCTATAATAGAT
GACGATGATTTCGAGTACACTAAAAGTGAGGACGACAAGGTCAGACGGAAAATTGATTTT
TTTATCTTGCCGATTATGTGTATCACTTATGGTATGCAGTATCTTGATAAAACGGCAGTT
TCTTATGCTGCAGTATATGGAATGAAACAAGAAGCTCACCTCAGTGGGTATGTTTATAGT
TGGTTGTCAACAATATTTTATCTTGGATACATGATTGCTCAATATCCAGCAGGATACCTT
TTGCAAAAGTTTCCAATTTCATATTTTATGTTTATCGCTGCATTTCTGTGGTCGGCATGC
GTTTTATTAATGGCAGCTTGTTCTAATCGTCATGGTCTGCTAACGTTGCGATTTTTTTCA
GGTGTCTTTGAAGGTTGTGTAAATCCTGCATTTGTAGCTCTCACGGCTATGTGGTATAAA
AGAGAAGAACAACCGGTGAGAGTAGTTAGCTGGTACGCATTTAACGGGGTCGCAATTATG
GTAGGTGCGTTATTAGGATATGGAACTGGACATATAAAGGGTAGTCTTCAAAATTGGAAG
TATCCGTTTTTAGTCATTGGGGCGATATCAACTGCCTGGTCCTTTGTCTATTTATTTTTC
CCCCAAAATCCGGTTCTTGCAAGGTTTTTGAATGCTCGAGAAAAGCGAATTGCTGTTGAA
AGAGTTCGGAAAAATAGAACAGGAATGGAGACAAAGAAGTTTAAACCTTCCCAGGCTTTA
GAAGCTTTTAAAGATCCTCAAGTAATTCTTATAGTTCTTTATAATGGTCTCTGTCAGGTG
ACTAATGCCATGTCTGTGTTTAGTGCTTTAATTATTCAAGGAATTGGATACTCTGGAATT
AACGCTACATTGCTCACGCTCCCGTCAGGTGCTTTTGCAGTTGCCGGAATGATAGCTTCT
GGAATATTTACACATTATTTTAAAAAGGGAAGAATTCCTCTTGCCATGACGACAAGCAGT
CTAACAATTGTTGGTTCAATAATGATTTGGAAAATTCCACATTCAAATCCTTGGCCAAGG
GTGGTTGGTGTTTGGCTATTTTGCACCATTTCTTCTGGTAACGCAGTTATCCTTTCGCTT
CTCAGCTCCAACATATCTGGATACTCTAAAAAGGTCACAGTAAATGCTACTATGTTTTTA
TTTTACTCGATTGGGAATATCGTTTCTCCCCAGCTATTCAAGGCAGGACAAACTCCAGAA
TATATTGAGGGAATTCAAGCTTCATTAGTCTCTGTCTGTTTGTTTGAAGGGGTATTGGCA
TTACTCGCATTTTATTACATTTTTGAAAATGCTCGCAGAGACAAACTCTTGGAGAACAAC
CCTGCCTTAGGCGGTGAAATCAAGAATGAAGAATTTTTGGATAAAACAGATCGAGAACAA
ATTAAGTTTCGGTATGTTTGGTAA

# end nucleotide sequence

